ELF loaded, entry 0x180008, gp 0x1dd2f0, patched 3172 R5900 insns
ZDB entries: {'ftscore': 855920, 'zsealetc': 691792}
  [syscall 0x74 at 0x1acf4c] -> 0
  [syscall 0x5a at 0x1acf5c] -> 0
  [syscall 0x5a at 0x1acf5c] -> 0
  [syscall 0x74 at 0x1acf4c] -> 0
  [syscall 0x5b at 0x1acfa4] -> 0
  [syscall 0x74 at 0x1acf4c] -> 0
  [syscall 0x5b at 0x1acfa4] -> 0
  [syscall 0x74 at 0x1acf4c] -> 0
  [syscall 0x5b at 0x1acfa4] -> 0
  [syscall 0x74 at 0x1acf4c] -> 0
  [syscall 0x5b at 0x1acfa4] -> 0
  [syscall 0x74 at 0x1acf4c] -> 0
  [syscall 0x5b at 0x1acfa4] -> 0
  [syscall 0x74 at 0x1acf4c] -> 0
  [syscall 0x5b at 0x1acfa4] -> 0
  [syscall 0x74 at 0x1acf4c] -> 0
  [syscall 0x20 at 0x1a3924] -> 0
  [syscall 0x22 at 0x1a3944] -> 0
  [syscall 0x2f at 0x1a3a14] -> 0
  [syscall 0x29 at 0x1a39b4] -> 0
  [syscall 0x4b at 0x1a3bd4] -> 0
  [syscall 0x4a at 0x1a3bc4] -> 0
  [syscall 0x4b at 0x1a3bd4] -> 0
  [syscall 0x4a at 0x1a3bc4] -> 0
  [syscall 0x74 at 0x1ac11c] -> 0
  [syscall 0x5a at 0x1ac0c4] -> 0
  [syscall 0x74 at 0x1ac11c] -> 0
  [syscall 0x74 at 0x1ac11c] -> 0
  [syscall 0x5b at 0x1ac10c] -> 0
  [syscall 0x74 at 0x1ac11c] -> 0
  [syscall 0x5b at 0x1ac10c] -> 0
  [syscall 0x74 at 0x1ac11c] -> 0
  [syscall 0x5b at 0x1ac10c] -> 0
  [syscall 0x74 at 0x1ac11c] -> 0
  [syscall 0x5b at 0x1ac10c] -> 0
  [syscall 0x74 at 0x1ac11c] -> 0
  [syscall 0x5b at 0x1ac10c] -> 0
  [syscall 0x74 at 0x1ac11c] -> 0
  [syscall 0x5b at 0x1ac10c] -> 0
crt0 done: reached main=False sp=0x1fffff0 gp=0x1dd2f0 syscalls={60: 1, 61: 1, 64: 3, 116: 16, 90: 3, 100: 5, 91: 12, 32: 1, 34: 1, 47: 1, 41: 1, 75: 2, 74: 2}
overlay DNAS.dec.bin @ 0x4c5380: text 0x840c0 data 0x1ed00 bss 0x91f80, patched 324
call 0x534830 (init)
  [syscall 0x45 at 0x1a3b74] -> 0
  -> 0x0  (0.2s, syscalls {60: 1, 61: 1, 64: 8, 116: 16, 90: 3, 100: 5, 91: 12, 32: 1, 34: 1, 47: 1, 41: 1, 75: 2, 74: 2, 69: 1})
  [syscall 0x45 at 0x1a3b74] -> 0
  [syscall 0x45 at 0x1a3b74] -> 0
  [syscall 0x44 at 0x1a3b64] -> 0
  [syscall 0x42 at 0x1a3b44] -> 0
  [syscall 0x44 at 0x1a3b64] -> 0
  [syscall 0x42 at 0x1a3b44] -> 0
  [syscall 0x44 at 0x1a3b64] -> 0
  [syscall 0x42 at 0x1a3b44] -> 0
  [syscall 0x44 at 0x1a3b64] -> 0
  [syscall 0x42 at 0x1a3b44] -> 0
  [syscall 0x44 at 0x1a3b64] -> 0
  [syscall 0x42 at 0x1a3b44] -> 0
  [syscall 0x44 at 0x1a3b64] -> 0
  [syscall 0x42 at 0x1a3b44] -> 0
  [syscall 0x44 at 0x1a3b64] -> 0
  [syscall 0x42 at 0x1a3b44] -> 0
  [syscall 0x44 at 0x1a3b64] -> 0
  [syscall 0x42 at 0x1a3b44] -> 0
  [syscall 0x44 at 0x1a3b64] -> 0
  [syscall 0x42 at 0x1a3b44] -> 0
  [syscall 0x44 at 0x1a3b64] -> 0
  [syscall 0x42 at 0x1a3b44] -> 0
  [syscall 0x44 at 0x1a3b64] -> 0
  [syscall 0x42 at 0x1a3b44] -> 0
  [syscall 0x44 at 0x1a3b64] -> 0
  [syscall 0x42 at 0x1a3b44] -> 0
  [syscall 0x44 at 0x1a3b64] -> 0
  [syscall 0x42 at 0x1a3b44] -> 0
  [syscall 0x44 at 0x1a3b64] -> 0
  [syscall 0x42 at 0x1a3b44] -> 0
  [syscall 0x44 at 0x1a3b64] -> 0
  [syscall 0x42 at 0x1a3b44] -> 0
  [syscall 0x44 at 0x1a3b64] -> 0
  [syscall 0x42 at 0x1a3b44] -> 0
  [syscall 0x44 at 0x1a3b64] -> 0
  [syscall 0x42 at 0x1a3b44] -> 0
  [syscall 0x44 at 0x1a3b64] -> 0
  [syscall 0x42 at 0x1a3b44] -> 0
  [syscall 0x44 at 0x1a3b64] -> 0
  [syscall 0x42 at 0x1a3b44] -> 0
  [syscall 0x44 at 0x1a3b64] -> 0
  [syscall 0x42 at 0x1a3b44] -> 0
  [syscall 0x44 at 0x1a3b64] -> 0
  [syscall 0x42 at 0x1a3b44] -> 0
  [syscall 0x44 at 0x1a3b64] -> 0
  [syscall 0x42 at 0x1a3b44] -> 0
  [syscall 0x44 at 0x1a3b64] -> 0
  [syscall 0x42 at 0x1a3b44] -> 0
  [syscall 0x44 at 0x1a3b64] -> 0
  [syscall 0x42 at 0x1a3b44] -> 0
  [syscall 0x44 at 0x1a3b64] -> 0
  [syscall 0x42 at 0x1a3b44] -> 0
  [syscall 0x44 at 0x1a3b64] -> 0
  [syscall 0x42 at 0x1a3b44] -> 0
  [syscall 0x44 at 0x1a3b64] -> 0
  [syscall 0x42 at 0x1a3b44] -> 0
  [syscall 0x44 at 0x1a3b64] -> 0
  [syscall 0x42 at 0x1a3b44] -> 0
  [syscall 0x44 at 0x1a3b64] -> 0
  [syscall 0x42 at 0x1a3b44] -> 0
  [syscall 0x44 at 0x1a3b64] -> 0
  [syscall 0x42 at 0x1a3b44] -> 0
  [syscall 0x44 at 0x1a3b64] -> 0
  [syscall 0x42 at 0x1a3b44] -> 0
  [syscall 0x44 at 0x1a3b64] -> 0
  [syscall 0x42 at 0x1a3b44] -> 0
  [syscall 0x44 at 0x1a3b64] -> 0
  [syscall 0x42 at 0x1a3b44] -> 0
  [syscall 0x44 at 0x1a3b64] -> 0
  [syscall 0x42 at 0x1a3b44] -> 0
  [syscall 0x44 at 0x1a3b64] -> 0
  [syscall 0x42 at 0x1a3b44] -> 0
  [syscall 0x44 at 0x1a3b64] -> 0
  [syscall 0x42 at 0x1a3b44] -> 0
  [syscall 0x44 at 0x1a3b64] -> 0
  [syscall 0x42 at 0x1a3b44] -> 0
  [syscall 0x44 at 0x1a3b64] -> 0
  [syscall 0x42 at 0x1a3b44] -> 0
  [syscall 0x44 at 0x1a3b64] -> 0
  [syscall 0x42 at 0x1a3b44] -> 0
  [syscall 0x44 at 0x1a3b64] -> 0
  [syscall 0x42 at 0x1a3b44] -> 0
  [syscall 0x44 at 0x1a3b64] -> 0
  [syscall 0x42 at 0x1a3b44] -> 0
  [syscall 0x44 at 0x1a3b64] -> 0
  [syscall 0x42 at 0x1a3b44] -> 0
  [syscall 0x44 at 0x1a3b64] -> 0
  [syscall 0x42 at 0x1a3b44] -> 0
  [syscall 0x44 at 0x1a3b64] -> 0
  [syscall 0x42 at 0x1a3b44] -> 0
  [syscall 0x44 at 0x1a3b64] -> 0
  [syscall 0x42 at 0x1a3b44] -> 0
  [syscall 0x44 at 0x1a3b64] -> 0
  [syscall 0x42 at 0x1a3b44] -> 0
  [syscall 0x44 at 0x1a3b64] -> 0
  [syscall 0x42 at 0x1a3b44] -> 0
  [syscall 0x44 at 0x1a3b64] -> 0
  [syscall 0x42 at 0x1a3b44] -> 0
  [syscall 0x44 at 0x1a3b64] -> 0
  [syscall 0x42 at 0x1a3b44] -> 0
  [syscall 0x44 at 0x1a3b64] -> 0
  [syscall 0x42 at 0x1a3b44] -> 0
  [syscall 0x44 at 0x1a3b64] -> 0
  [syscall 0x42 at 0x1a3b44] -> 0
  [syscall 0x44 at 0x1a3b64] -> 0
  [syscall 0x42 at 0x1a3b44] -> 0
  [syscall 0x44 at 0x1a3b64] -> 0
  [syscall 0x42 at 0x1a3b44] -> 0
  [syscall 0x44 at 0x1a3b64] -> 0
  [syscall 0x42 at 0x1a3b44] -> 0
  [syscall 0x44 at 0x1a3b64] -> 0
  [syscall 0x42 at 0x1a3b44] -> 0
  [syscall 0x44 at 0x1a3b64] -> 0
  [syscall 0x42 at 0x1a3b44] -> 0
  [syscall 0x44 at 0x1a3b64] -> 0
  [syscall 0x42 at 0x1a3b44] -> 0
  [syscall 0x44 at 0x1a3b64] -> 0
  [syscall 0x42 at 0x1a3b44] -> 0
  [syscall 0x44 at 0x1a3b64] -> 0
  [syscall 0x42 at 0x1a3b44] -> 0
  [syscall 0x44 at 0x1a3b64] -> 0
  [syscall 0x42 at 0x1a3b44] -> 0
  [syscall 0x44 at 0x1a3b64] -> 0
  [syscall 0x42 at 0x1a3b44] -> 0
  [syscall 0x44 at 0x1a3b64] -> 0
  [syscall 0x42 at 0x1a3b44] -> 0
  [syscall 0x44 at 0x1a3b64] -> 0
  [syscall 0x42 at 0x1a3b44] -> 0
  [syscall 0x44 at 0x1a3b64] -> 0
  [syscall 0x42 at 0x1a3b44] -> 0
  [syscall 0x44 at 0x1a3b64] -> 0
  [syscall 0x42 at 0x1a3b44] -> 0
  [syscall 0x44 at 0x1a3b64] -> 0
  [syscall 0x42 at 0x1a3b44] -> 0
  [syscall 0x44 at 0x1a3b64] -> 0
  [syscall 0x42 at 0x1a3b44] -> 0
  [syscall 0x44 at 0x1a3b64] -> 0
  [syscall 0x42 at 0x1a3b44] -> 0
  [syscall 0x44 at 0x1a3b64] -> 0
  [syscall 0x42 at 0x1a3b44] -> 0
  [syscall 0x44 at 0x1a3b64] -> 0
  [syscall 0x42 at 0x1a3b44] -> 0
  [syscall 0x44 at 0x1a3b64] -> 0
  [syscall 0x42 at 0x1a3b44] -> 0
  [syscall 0x44 at 0x1a3b64] -> 0
  [syscall 0x42 at 0x1a3b44] -> 0
  [syscall 0x44 at 0x1a3b64] -> 0
  [syscall 0x42 at 0x1a3b44] -> 0
  [syscall 0x44 at 0x1a3b64] -> 0
  [syscall 0x42 at 0x1a3b44] -> 0
  [syscall 0x44 at 0x1a3b64] -> 0
  [syscall 0x42 at 0x1a3b44] -> 0
  [syscall 0x44 at 0x1a3b64] -> 0
  [syscall 0x42 at 0x1a3b44] -> 0
  [syscall 0x44 at 0x1a3b64] -> 0
  [syscall 0x42 at 0x1a3b44] -> 0
  [syscall 0x44 at 0x1a3b64] -> 0
  [syscall 0x42 at 0x1a3b44] -> 0
  [syscall 0x44 at 0x1a3b64] -> 0
  [syscall 0x42 at 0x1a3b44] -> 0
  [syscall 0x44 at 0x1a3b64] -> 0
  [syscall 0x42 at 0x1a3b44] -> 0
  [syscall 0x44 at 0x1a3b64] -> 0
  [syscall 0x42 at 0x1a3b44] -> 0
  [syscall 0x44 at 0x1a3b64] -> 0
  [syscall 0x42 at 0x1a3b44] -> 0
  [syscall 0x44 at 0x1a3b64] -> 0
  [syscall 0x42 at 0x1a3b44] -> 0
  [syscall 0x44 at 0x1a3b64] -> 0
  [syscall 0x42 at 0x1a3b44] -> 0
  [syscall 0x44 at 0x1a3b64] -> 0
  [syscall 0x42 at 0x1a3b44] -> 0
  [syscall 0x44 at 0x1a3b64] -> 0
  [syscall 0x42 at 0x1a3b44] -> 0
  [syscall 0x44 at 0x1a3b64] -> 0
  [syscall 0x42 at 0x1a3b44] -> 0
  [syscall 0x44 at 0x1a3b64] -> 0
  [syscall 0x42 at 0x1a3b44] -> 0
  [syscall 0x44 at 0x1a3b64] -> 0
  [syscall 0x42 at 0x1a3b44] -> 0
  [syscall 0x44 at 0x1a3b64] -> 0
  [syscall 0x42 at 0x1a3b44] -> 0
  [syscall 0x44 at 0x1a3b64] -> 0
  [syscall 0x42 at 0x1a3b44] -> 0
  [syscall 0x44 at 0x1a3b64] -> 0
  [syscall 0x42 at 0x1a3b44] -> 0
  [syscall 0x44 at 0x1a3b64] -> 0
  [syscall 0x42 at 0x1a3b44] -> 0
  [syscall 0x44 at 0x1a3b64] -> 0
  [syscall 0x42 at 0x1a3b44] -> 0
  [syscall 0x44 at 0x1a3b64] -> 0
  [syscall 0x42 at 0x1a3b44] -> 0
  [syscall 0x44 at 0x1a3b64] -> 0
  [syscall 0x42 at 0x1a3b44] -> 0
  [syscall 0x44 at 0x1a3b64] -> 0
  [syscall 0x42 at 0x1a3b44] -> 0
  [syscall 0x44 at 0x1a3b64] -> 0
  [syscall 0x42 at 0x1a3b44] -> 0
  [syscall 0x44 at 0x1a3b64] -> 0
  [syscall 0x42 at 0x1a3b44] -> 0
  [syscall 0x44 at 0x1a3b64] -> 0
  [syscall 0x42 at 0x1a3b44] -> 0
  [syscall 0x44 at 0x1a3b64] -> 0
  [syscall 0x42 at 0x1a3b44] -> 0
  [syscall 0x44 at 0x1a3b64] -> 0
  [syscall 0x42 at 0x1a3b44] -> 0
  [syscall 0x44 at 0x1a3b64] -> 0
  [syscall 0x42 at 0x1a3b44] -> 0
  [syscall 0x44 at 0x1a3b64] -> 0
  [syscall 0x42 at 0x1a3b44] -> 0
  [syscall 0x44 at 0x1a3b64] -> 0
  [syscall 0x42 at 0x1a3b44] -> 0
  [syscall 0x44 at 0x1a3b64] -> 0
  [syscall 0x42 at 0x1a3b44] -> 0
  [syscall 0x44 at 0x1a3b64] -> 0
  [syscall 0x42 at 0x1a3b44] -> 0
  [syscall 0x44 at 0x1a3b64] -> 0
  [syscall 0x42 at 0x1a3b44] -> 0
  [syscall 0x44 at 0x1a3b64] -> 0
  [syscall 0x42 at 0x1a3b44] -> 0
  [syscall 0x44 at 0x1a3b64] -> 0
  [syscall 0x42 at 0x1a3b44] -> 0
  [syscall 0x44 at 0x1a3b64] -> 0
  [syscall 0x42 at 0x1a3b44] -> 0
  [syscall 0x44 at 0x1a3b64] -> 0
  [syscall 0x42 at 0x1a3b44] -> 0
  [syscall 0x44 at 0x1a3b64] -> 0
  [syscall 0x42 at 0x1a3b44] -> 0
  [syscall 0x44 at 0x1a3b64] -> 0
  [syscall 0x42 at 0x1a3b44] -> 0
  [syscall 0x44 at 0x1a3b64] -> 0
  [syscall 0x42 at 0x1a3b44] -> 0
  [syscall 0x44 at 0x1a3b64] -> 0
  [syscall 0x42 at 0x1a3b44] -> 0
  [syscall 0x44 at 0x1a3b64] -> 0
  [syscall 0x42 at 0x1a3b44] -> 0
  [syscall 0x44 at 0x1a3b64] -> 0
  [syscall 0x42 at 0x1a3b44] -> 0
  [syscall 0x44 at 0x1a3b64] -> 0
  [syscall 0x42 at 0x1a3b44] -> 0
  [syscall 0x44 at 0x1a3b64] -> 0
  [syscall 0x42 at 0x1a3b44] -> 0
  [syscall 0x44 at 0x1a3b64] -> 0
  [syscall 0x42 at 0x1a3b44] -> 0
  [syscall 0x44 at 0x1a3b64] -> 0
  [syscall 0x42 at 0x1a3b44] -> 0
  [syscall 0x44 at 0x1a3b64] -> 0
  [syscall 0x42 at 0x1a3b44] -> 0
  [syscall 0x44 at 0x1a3b64] -> 0
  [syscall 0x42 at 0x1a3b44] -> 0
  [syscall 0x44 at 0x1a3b64] -> 0
  [syscall 0x42 at 0x1a3b44] -> 0
  [syscall 0x44 at 0x1a3b64] -> 0
  [syscall 0x42 at 0x1a3b44] -> 0
  [syscall 0x44 at 0x1a3b64] -> 0
  [syscall 0x42 at 0x1a3b44] -> 0
  [syscall 0x44 at 0x1a3b64] -> 0
  [syscall 0x42 at 0x1a3b44] -> 0
  [syscall 0x44 at 0x1a3b64] -> 0
  [syscall 0x42 at 0x1a3b44] -> 0
  [syscall 0x44 at 0x1a3b64] -> 0
  [syscall 0x42 at 0x1a3b44] -> 0
  [syscall 0x44 at 0x1a3b64] -> 0
  [syscall 0x42 at 0x1a3b44] -> 0
  [syscall 0x44 at 0x1a3b64] -> 0
  [syscall 0x42 at 0x1a3b44] -> 0
  [syscall 0x44 at 0x1a3b64] -> 0
  [syscall 0x42 at 0x1a3b44] -> 0
  [syscall 0x44 at 0x1a3b64] -> 0
  [syscall 0x42 at 0x1a3b44] -> 0
  [syscall 0x44 at 0x1a3b64] -> 0
  [syscall 0x42 at 0x1a3b44] -> 0
  [syscall 0x44 at 0x1a3b64] -> 0
  [syscall 0x42 at 0x1a3b44] -> 0
  [syscall 0x44 at 0x1a3b64] -> 0
  [syscall 0x42 at 0x1a3b44] -> 0
  [syscall 0x44 at 0x1a3b64] -> 0
  [syscall 0x42 at 0x1a3b44] -> 0
  [syscall 0x44 at 0x1a3b64] -> 0
  [syscall 0x42 at 0x1a3b44] -> 0
  [syscall 0x44 at 0x1a3b64] -> 0
  [syscall 0x42 at 0x1a3b44] -> 0
  [syscall 0x44 at 0x1a3b64] -> 0
  [syscall 0x42 at 0x1a3b44] -> 0
  [syscall 0x44 at 0x1a3b64] -> 0
  [syscall 0x42 at 0x1a3b44] -> 0
  [syscall 0x44 at 0x1a3b64] -> 0
  [syscall 0x42 at 0x1a3b44] -> 0
  [syscall 0x44 at 0x1a3b64] -> 0
  [syscall 0x42 at 0x1a3b44] -> 0
  [syscall 0x44 at 0x1a3b64] -> 0
  [syscall 0x42 at 0x1a3b44] -> 0
  [syscall 0x44 at 0x1a3b64] -> 0
  [syscall 0x42 at 0x1a3b44] -> 0
  [syscall 0x44 at 0x1a3b64] -> 0
  [syscall 0x42 at 0x1a3b44] -> 0
  [syscall 0x44 at 0x1a3b64] -> 0
  [syscall 0x42 at 0x1a3b44] -> 0
  [syscall 0x44 at 0x1a3b64] -> 0
  [syscall 0x42 at 0x1a3b44] -> 0
  [syscall 0x44 at 0x1a3b64] -> 0
  [syscall 0x42 at 0x1a3b44] -> 0
  [syscall 0x44 at 0x1a3b64] -> 0
  [syscall 0x42 at 0x1a3b44] -> 0
  [syscall 0x44 at 0x1a3b64] -> 0
  [syscall 0x42 at 0x1a3b44] -> 0
  [syscall 0x44 at 0x1a3b64] -> 0
  [syscall 0x42 at 0x1a3b44] -> 0
  [syscall 0x44 at 0x1a3b64] -> 0
  [syscall 0x42 at 0x1a3b44] -> 0
  [syscall 0x44 at 0x1a3b64] -> 0
  [syscall 0x42 at 0x1a3b44] -> 0
  [syscall 0x44 at 0x1a3b64] -> 0
  [syscall 0x42 at 0x1a3b44] -> 0
  [syscall 0x44 at 0x1a3b64] -> 0
  [syscall 0x42 at 0x1a3b44] -> 0
  [syscall 0x44 at 0x1a3b64] -> 0
  [syscall 0x42 at 0x1a3b44] -> 0
  [syscall 0x44 at 0x1a3b64] -> 0
  [syscall 0x42 at 0x1a3b44] -> 0
  [syscall 0x44 at 0x1a3b64] -> 0
  [syscall 0x42 at 0x1a3b44] -> 0
  [syscall 0x44 at 0x1a3b64] -> 0
  [syscall 0x42 at 0x1a3b44] -> 0
  [syscall 0x44 at 0x1a3b64] -> 0
  [syscall 0x42 at 0x1a3b44] -> 0
  [syscall 0x44 at 0x1a3b64] -> 0
  [syscall 0x42 at 0x1a3b44] -> 0
  [syscall 0x44 at 0x1a3b64] -> 0
  [syscall 0x42 at 0x1a3b44] -> 0
  [syscall 0x44 at 0x1a3b64] -> 0
  [syscall 0x42 at 0x1a3b44] -> 0
  [syscall 0x44 at 0x1a3b64] -> 0
  [syscall 0x42 at 0x1a3b44] -> 0
  [syscall 0x44 at 0x1a3b64] -> 0
  [syscall 0x42 at 0x1a3b44] -> 0
  [syscall 0x44 at 0x1a3b64] -> 0
  [syscall 0x42 at 0x1a3b44] -> 0
  [syscall 0x44 at 0x1a3b64] -> 0
  [syscall 0x42 at 0x1a3b44] -> 0
  [syscall 0x44 at 0x1a3b64] -> 0
  [syscall 0x42 at 0x1a3b44] -> 0
  [syscall 0x44 at 0x1a3b64] -> 0
  [syscall 0x42 at 0x1a3b44] -> 0
  [syscall 0x44 at 0x1a3b64] -> 0
  [syscall 0x42 at 0x1a3b44] -> 0
  [syscall 0x44 at 0x1a3b64] -> 0
  [syscall 0x42 at 0x1a3b44] -> 0
  [syscall 0x44 at 0x1a3b64] -> 0
  [syscall 0x42 at 0x1a3b44] -> 0
  [syscall 0x44 at 0x1a3b64] -> 0
  [syscall 0x42 at 0x1a3b44] -> 0
  [syscall 0x44 at 0x1a3b64] -> 0
  [syscall 0x42 at 0x1a3b44] -> 0
  [syscall 0x44 at 0x1a3b64] -> 0
  [syscall 0x42 at 0x1a3b44] -> 0
  [syscall 0x44 at 0x1a3b64] -> 0
  [syscall 0x42 at 0x1a3b44] -> 0
  [syscall 0x44 at 0x1a3b64] -> 0
  [syscall 0x42 at 0x1a3b44] -> 0
  [syscall 0x44 at 0x1a3b64] -> 0
  [syscall 0x42 at 0x1a3b44] -> 0
  [syscall 0x44 at 0x1a3b64] -> 0
  [syscall 0x42 at 0x1a3b44] -> 0
  [syscall 0x44 at 0x1a3b64] -> 0
  [syscall 0x42 at 0x1a3b44] -> 0
  [syscall 0x44 at 0x1a3b64] -> 0
  [syscall 0x42 at 0x1a3b44] -> 0
  [syscall 0x44 at 0x1a3b64] -> 0
  [syscall 0x42 at 0x1a3b44] -> 0
  [syscall 0x44 at 0x1a3b64] -> 0
  [syscall 0x42 at 0x1a3b44] -> 0
  [syscall 0x44 at 0x1a3b64] -> 0
  [syscall 0x42 at 0x1a3b44] -> 0
  [syscall 0x44 at 0x1a3b64] -> 0
  [syscall 0x42 at 0x1a3b44] -> 0
  [syscall 0x44 at 0x1a3b64] -> 0
  [syscall 0x42 at 0x1a3b44] -> 0
Traceback (most recent call last):
  File "C:\projects\socom_pc\tools_py\decrypt_apache.py", line 272, in <module>
    main()
    ~~~~^^
  File "C:\projects\socom_pc\tools_py\decrypt_apache.py", line 240, in main
    rc = sext32(ee.call(0x539d00, (size, BUF, OUT8), sp=SP))
                ~~~~~~~^^^^^^^^^^^^^^^^^^^^^^^^^^^^^^^^^^^^
  File "C:\projects\socom_pc\tools_py\ee_unicorn.py", line 771, in call
    self.run(addr, self.RET, max_insns)
    ~~~~~~~~^^^^^^^^^^^^^^^^^^^^^^^^^^^
  File "C:\projects\socom_pc\tools_py\ee_unicorn.py", line 745, in run
    uc.emu_start(pc, until, count=max_insns)
    ~~~~~~~~~~~~^^^^^^^^^^^^^^^^^^^^^^^^^^^^
  File "C:\Users\Utilisateur\AppData\Local\Packages\PythonSoftwareFoundation.Python.3.13_qbz5n2kfra8p0\LocalCache\local-packages\Python313\site-packages\unicorn\unicorn_py3\unicorn.py", line 763, in emu_start
    status = uclib.uc_emu_start(self._uch, begin, until, timeout, count)
OSError: exception: access violation writing 0x0000000000000000
